[dotenv@17.2.3] injecting env (3) from .env.local -- tip: ≡ƒöä add secrets lifecycle management: https://dotenvx.com/ops
ΓòöΓòÉΓòÉΓòÉΓòÉΓòÉΓòÉΓòÉΓòÉΓòÉΓòÉΓòÉΓòÉΓòÉΓòÉΓòÉΓòÉΓòÉΓòÉΓòÉΓòÉΓòÉΓòÉΓòÉΓòÉΓòÉΓòÉΓòÉΓòÉΓòÉΓòÉΓòÉΓòÉΓòÉΓòÉΓòÉΓòÉΓòÉΓòÉΓòÉΓòÉΓòÉΓòÉΓòÉΓòÉΓòÉΓòÉΓòÉΓòù
Γòæ       MASTER ADMIN SEED SCRIPT                Γòæ
ΓòáΓòÉΓòÉΓòÉΓòÉΓòÉΓòÉΓòÉΓòÉΓòÉΓòÉΓòÉΓòÉΓòÉΓòÉΓòÉΓòÉΓòÉΓòÉΓòÉΓòÉΓòÉΓòÉΓòÉΓòÉΓòÉΓòÉΓòÉΓòÉΓòÉΓòÉΓòÉΓòÉΓòÉΓòÉΓòÉΓòÉΓòÉΓòÉΓòÉΓòÉΓòÉΓòÉΓòÉΓòÉΓòÉΓòÉΓòÉΓòú
Γòæ  Email:    srpadmin@saaskit.in              Γòæ
Γòæ  Password: Srpadmin@7626$                   Γòæ
ΓòÜΓòÉΓòÉΓòÉΓòÉΓòÉΓòÉΓòÉΓòÉΓòÉΓòÉΓòÉΓòÉΓòÉΓòÉΓòÉΓòÉΓòÉΓòÉΓòÉΓòÉΓòÉΓòÉΓòÉΓòÉΓòÉΓòÉΓòÉΓòÉΓòÉΓòÉΓòÉΓòÉΓòÉΓòÉΓòÉΓòÉΓòÉΓòÉΓòÉΓòÉΓòÉΓòÉΓòÉΓòÉΓòÉΓòÉΓòÉΓò¥

≡ƒº╣ Cleaning up existing data...
   ≡ƒöì Page 1 returned 1 users
      - [0] srpadmin@saaskit.in
   ≡ƒÄ» Found srpadmin@saaskit.in in page 1
   Γä╣∩╕Å Found existing user: 30930e51-c7cd-4537-b2c4-01e187273470
   ΓÜá∩╕Å Could not delete activities: Could not find the table 'public.activities' in the schema cache
   ΓÜá∩╕Å Could not delete profile: Could not find the table 'public.profiles' in the schema cache
   Γ£à Deleted existing auth user
   ΓÜá∩╕Å Could not delete analytics: Could not find the table 'public.analytics_metrics' in the schema cache
   Γ£à Cleanup complete
ΓÅ│ Waiting for 2 seconds...

≡ƒôº Creating Auth User...
Γ£à Auth user created successfully!
   ID: a494a5cc-958a-4813-84d0-83f417837168

≡ƒÅ╖∩╕Å Ensuring Designation exists...
Γ¥î Failed to ensure designation: Could not find the table 'public.designations' in the schema cache

≡ƒôï Creating Profile...
Γ¥î Failed to insert profile: Could not find the table 'public.profiles' in the schema cache

Γ¥î Failed to create profile. Aborting.
