[dotenv@17.2.3] injecting env (4) from .env.local -- tip: Γ£à audit secrets and track compliance: https://dotenvx.com/ops
============================================================
≡ƒôà Testing attendance for TODAY: 2026-01-07
≡ƒæñ Profile ID: c4b9da11-f942-4c2b-b2ef-56dbde3125f8
============================================================

≡ƒôè Today's Attendance Record:
------------------------------------------------------------
  No attendance record found for today

≡ƒö╡ BUTTON STATE: "Office - In"
   ΓåÆ User has not clocked in yet


============================================================
≡ƒôà Recent Attendance Records (last 3 days):
============================================================
  No recent records found

============================================================
Γ£à Test completed
============================================================
Assertion failed: !(handle->flags & UV_HANDLE_CLOSING), file src\win\async.c, line 76
